Log file: /storage/24721521_lzw/lzw/0825_开源版本/MOCAR/outputs/iemocap4/logs/20260825_153602_iemocap4_train.log
Namespace(Dataset='IEMOCAP4', base_margin=0.0, batch_size=16, car_audio_weight=1.0, car_fused_weight=1.5, car_lambda=0.04, car_text_weight=0.5, car_video_weight=0.5, checkpoint=None, class_weight=True, conf_beta=0.85, conf_log_interval=0, conf_min_score=0.0, conf_temp=1.0, conf_warmup=5, data_path='/storage/24721521_lzw/lzw/graphsmile/dataset/iemocap_multi_features_4.pkl', dropout=0.6, early_stop_patience=20, epochs=200, eval_only=False, gpu=0, hidden_dim=512, l2=1.7468952853162445e-06, log_dir='outputs/iemocap4/logs', lr=0.00020566274895060898, margin_scale=0.0, n_head=8, no_cuda=False, no_save_checkpoint=False, order=3, pair_margin_lambda=0.03, rank=16, run_name='iemocap4_seed61078', save_best_dir='outputs/iemocap4/checkpoints', seed=61078, temp=2, tensorboard=False, topk_conf_pairs=5, use_mocar=True)
Running on GPU cuda:0
temp 2
total parameters: 12671506
training parameters: 12671506
MOCAR enabled: modality-wise online confusion matrices + CAR + hard-pair margin
/storage/24721521_lzw/.conda/envs/mocar/lib/python3.8/site-packages/sklearn/metrics/_classification.py:1471: UndefinedMetricWarning: Precision and F-score are ill-defined and being set to 0.0 in labels with no predicted samples. Use `zero_division` parameter to control this behavior.
  _warn_prf(average, modifier, msg_start, len(result))
/storage/24721521_lzw/.conda/envs/mocar/lib/python3.8/site-packages/sklearn/metrics/_classification.py:1471: UndefinedMetricWarning: Precision and F-score are ill-defined and being set to 0.0 in labels with no predicted samples. Use `zero_division` parameter to control this behavior.
  _warn_prf(average, modifier, msg_start, len(result))
/storage/24721521_lzw/.conda/envs/mocar/lib/python3.8/site-packages/sklearn/metrics/_classification.py:1471: UndefinedMetricWarning: Precision and F-score are ill-defined and being set to 0.0 in labels with no predicted samples. Use `zero_division` parameter to control this behavior.
  _warn_prf(average, modifier, msg_start, len(result))
epoch: 1, train_loss: 1.8594, train_acc: 31.61, train_fscore: 27.36, valid_loss: nan, valid_acc: nan, valid_fscore: nan, test_loss: 1.8654, test_acc: 33.83, test_fscore: 25.22, time: 0.94 sec
/storage/24721521_lzw/.conda/envs/mocar/lib/python3.8/site-packages/sklearn/metrics/_classification.py:1471: UndefinedMetricWarning: Precision and F-score are ill-defined and being set to 0.0 in labels with no predicted samples. Use `zero_division` parameter to control this behavior.
  _warn_prf(average, modifier, msg_start, len(result))
/storage/24721521_lzw/.conda/envs/mocar/lib/python3.8/site-packages/sklearn/metrics/_classification.py:1471: UndefinedMetricWarning: Precision and F-score are ill-defined and being set to 0.0 in labels with no predicted samples. Use `zero_division` parameter to control this behavior.
  _warn_prf(average, modifier, msg_start, len(result))
/storage/24721521_lzw/.conda/envs/mocar/lib/python3.8/site-packages/sklearn/metrics/_classification.py:1471: UndefinedMetricWarning: Precision and F-score are ill-defined and being set to 0.0 in labels with no predicted samples. Use `zero_division` parameter to control this behavior.
  _warn_prf(average, modifier, msg_start, len(result))
epoch: 2, train_loss: 1.806, train_acc: 37.92, train_fscore: 30.82, valid_loss: nan, valid_acc: nan, valid_fscore: nan, test_loss: 1.8123, test_acc: 41.99, test_fscore: 33.6, time: 1.33 sec
epoch: 3, train_loss: 1.7527, train_acc: 40.19, train_fscore: 32.89, valid_loss: nan, valid_acc: nan, valid_fscore: nan, test_loss: 1.7809, test_acc: 39.87, test_fscore: 32.48, time: 0.53 sec
/storage/24721521_lzw/.conda/envs/mocar/lib/python3.8/site-packages/sklearn/metrics/_classification.py:1471: UndefinedMetricWarning: Precision and F-score are ill-defined and being set to 0.0 in labels with no predicted samples. Use `zero_division` parameter to control this behavior.
  _warn_prf(average, modifier, msg_start, len(result))
/storage/24721521_lzw/.conda/envs/mocar/lib/python3.8/site-packages/sklearn/metrics/_classification.py:1471: UndefinedMetricWarning: Precision and F-score are ill-defined and being set to 0.0 in labels with no predicted samples. Use `zero_division` parameter to control this behavior.
  _warn_prf(average, modifier, msg_start, len(result))
/storage/24721521_lzw/.conda/envs/mocar/lib/python3.8/site-packages/sklearn/metrics/_classification.py:1471: UndefinedMetricWarning: Precision and F-score are ill-defined and being set to 0.0 in labels with no predicted samples. Use `zero_division` parameter to control this behavior.
  _warn_prf(average, modifier, msg_start, len(result))
epoch: 4, train_loss: 1.7278, train_acc: 42.67, train_fscore: 37.26, valid_loss: nan, valid_acc: nan, valid_fscore: nan, test_loss: 1.8012, test_acc: 41.04, test_fscore: 37.49, time: 1.39 sec
/storage/24721521_lzw/.conda/envs/mocar/lib/python3.8/site-packages/sklearn/metrics/_classification.py:1471: UndefinedMetricWarning: Precision and F-score are ill-defined and being set to 0.0 in labels with no predicted samples. Use `zero_division` parameter to control this behavior.
  _warn_prf(average, modifier, msg_start, len(result))
/storage/24721521_lzw/.conda/envs/mocar/lib/python3.8/site-packages/sklearn/metrics/_classification.py:1471: UndefinedMetricWarning: Precision and F-score are ill-defined and being set to 0.0 in labels with no predicted samples. Use `zero_division` parameter to control this behavior.
  _warn_prf(average, modifier, msg_start, len(result))
/storage/24721521_lzw/.conda/envs/mocar/lib/python3.8/site-packages/sklearn/metrics/_classification.py:1471: UndefinedMetricWarning: Precision and F-score are ill-defined and being set to 0.0 in labels with no predicted samples. Use `zero_division` parameter to control this behavior.
  _warn_prf(average, modifier, msg_start, len(result))
epoch: 5, train_loss: 1.7191, train_acc: 44.08, train_fscore: 36.16, valid_loss: nan, valid_acc: nan, valid_fscore: nan, test_loss: 1.7932, test_acc: 44.33, test_fscore: 40.05, time: 1.4 sec
/storage/24721521_lzw/.conda/envs/mocar/lib/python3.8/site-packages/sklearn/metrics/_classification.py:1471: UndefinedMetricWarning: Precision and F-score are ill-defined and being set to 0.0 in labels with no predicted samples. Use `zero_division` parameter to control this behavior.
  _warn_prf(average, modifier, msg_start, len(result))
/storage/24721521_lzw/.conda/envs/mocar/lib/python3.8/site-packages/sklearn/metrics/_classification.py:1471: UndefinedMetricWarning: Precision and F-score are ill-defined and being set to 0.0 in labels with no predicted samples. Use `zero_division` parameter to control this behavior.
  _warn_prf(average, modifier, msg_start, len(result))
/storage/24721521_lzw/.conda/envs/mocar/lib/python3.8/site-packages/sklearn/metrics/_classification.py:1471: UndefinedMetricWarning: Precision and F-score are ill-defined and being set to 0.0 in labels with no predicted samples. Use `zero_division` parameter to control this behavior.
  _warn_prf(average, modifier, msg_start, len(result))
epoch: 6, train_loss: 1.8141, train_acc: 50.03, train_fscore: 46.12, valid_loss: nan, valid_acc: nan, valid_fscore: nan, test_loss: 1.7409, test_acc: 49.84, test_fscore: 41.36, time: 1.57 sec
/storage/24721521_lzw/.conda/envs/mocar/lib/python3.8/site-packages/sklearn/metrics/_classification.py:1471: UndefinedMetricWarning: Precision and F-score are ill-defined and being set to 0.0 in labels with no predicted samples. Use `zero_division` parameter to control this behavior.
  _warn_prf(average, modifier, msg_start, len(result))
/storage/24721521_lzw/.conda/envs/mocar/lib/python3.8/site-packages/sklearn/metrics/_classification.py:1471: UndefinedMetricWarning: Precision and F-score are ill-defined and being set to 0.0 in labels with no predicted samples. Use `zero_division` parameter to control this behavior.
  _warn_prf(average, modifier, msg_start, len(result))
/storage/24721521_lzw/.conda/envs/mocar/lib/python3.8/site-packages/sklearn/metrics/_classification.py:1471: UndefinedMetricWarning: Precision and F-score are ill-defined and being set to 0.0 in labels with no predicted samples. Use `zero_division` parameter to control this behavior.
  _warn_prf(average, modifier, msg_start, len(result))
epoch: 7, train_loss: 1.7942, train_acc: 51.28, train_fscore: 46.6, valid_loss: nan, valid_acc: nan, valid_fscore: nan, test_loss: 1.7132, test_acc: 46.34, test_fscore: 41.87, time: 1.52 sec
/storage/24721521_lzw/.conda/envs/mocar/lib/python3.8/site-packages/sklearn/metrics/_classification.py:1471: UndefinedMetricWarning: Precision and F-score are ill-defined and being set to 0.0 in labels with no predicted samples. Use `zero_division` parameter to control this behavior.
  _warn_prf(average, modifier, msg_start, len(result))
/storage/24721521_lzw/.conda/envs/mocar/lib/python3.8/site-packages/sklearn/metrics/_classification.py:1471: UndefinedMetricWarning: Precision and F-score are ill-defined and being set to 0.0 in labels with no predicted samples. Use `zero_division` parameter to control this behavior.
  _warn_prf(average, modifier, msg_start, len(result))
/storage/24721521_lzw/.conda/envs/mocar/lib/python3.8/site-packages/sklearn/metrics/_classification.py:1471: UndefinedMetricWarning: Precision and F-score are ill-defined and being set to 0.0 in labels with no predicted samples. Use `zero_division` parameter to control this behavior.
  _warn_prf(average, modifier, msg_start, len(result))
epoch: 8, train_loss: 1.7203, train_acc: 57.64, train_fscore: 53.28, valid_loss: nan, valid_acc: nan, valid_fscore: nan, test_loss: 1.7444, test_acc: 47.19, test_fscore: 43.5, time: 1.58 sec
epoch: 9, train_loss: 1.6868, train_acc: 59.0, train_fscore: 55.17, valid_loss: nan, valid_acc: nan, valid_fscore: nan, test_loss: 1.7587, test_acc: 44.43, test_fscore: 40.47, time: 0.69 sec
epoch: 10, train_loss: 1.6489, train_acc: 60.78, train_fscore: 56.34, valid_loss: nan, valid_acc: nan, valid_fscore: nan, test_loss: 1.6953, test_acc: 55.46, test_fscore: 52.14, time: 1.5 sec
/storage/24721521_lzw/.conda/envs/mocar/lib/python3.8/site-packages/sklearn/metrics/_classification.py:1471: UndefinedMetricWarning: Precision and F-score are ill-defined and being set to 0.0 in labels with no predicted samples. Use `zero_division` parameter to control this behavior.
  _warn_prf(average, modifier, msg_start, len(result))
/storage/24721521_lzw/.conda/envs/mocar/lib/python3.8/site-packages/sklearn/metrics/_classification.py:1471: UndefinedMetricWarning: Precision and F-score are ill-defined and being set to 0.0 in labels with no predicted samples. Use `zero_division` parameter to control this behavior.
  _warn_prf(average, modifier, msg_start, len(result))
/storage/24721521_lzw/.conda/envs/mocar/lib/python3.8/site-packages/sklearn/metrics/_classification.py:1471: UndefinedMetricWarning: Precision and F-score are ill-defined and being set to 0.0 in labels with no predicted samples. Use `zero_division` parameter to control this behavior.
  _warn_prf(average, modifier, msg_start, len(result))
epoch: 11, train_loss: 1.6195, train_acc: 62.33, train_fscore: 58.69, valid_loss: nan, valid_acc: nan, valid_fscore: nan, test_loss: 1.645, test_acc: 58.54, test_fscore: 53.5, time: 1.56 sec
epoch: 12, train_loss: 1.6072, train_acc: 61.78, train_fscore: 57.07, valid_loss: nan, valid_acc: nan, valid_fscore: nan, test_loss: 1.6431, test_acc: 60.13, test_fscore: 55.65, time: 1.5 sec
epoch: 13, train_loss: 1.5755, train_acc: 65.03, train_fscore: 61.63, valid_loss: nan, valid_acc: nan, valid_fscore: nan, test_loss: 1.6371, test_acc: 52.49, test_fscore: 48.69, time: 0.73 sec
epoch: 14, train_loss: 1.5478, train_acc: 62.64, train_fscore: 58.96, valid_loss: nan, valid_acc: nan, valid_fscore: nan, test_loss: 1.5014, test_acc: 64.37, test_fscore: 59.01, time: 1.55 sec
epoch: 15, train_loss: 1.4851, train_acc: 64.08, train_fscore: 60.4, valid_loss: nan, valid_acc: nan, valid_fscore: nan, test_loss: 1.4316, test_acc: 67.34, test_fscore: 62.62, time: 1.53 sec
epoch: 16, train_loss: 1.4205, train_acc: 66.33, train_fscore: 63.61, valid_loss: nan, valid_acc: nan, valid_fscore: nan, test_loss: 1.5697, test_acc: 54.93, test_fscore: 51.15, time: 0.72 sec
epoch: 17, train_loss: 1.3611, train_acc: 66.17, train_fscore: 63.0, valid_loss: nan, valid_acc: nan, valid_fscore: nan, test_loss: 1.3579, test_acc: 68.19, test_fscore: 63.71, time: 1.58 sec
epoch: 18, train_loss: 1.3427, train_acc: 65.53, train_fscore: 63.51, valid_loss: nan, valid_acc: nan, valid_fscore: nan, test_loss: 1.3679, test_acc: 66.49, test_fscore: 61.72, time: 0.72 sec
epoch: 19, train_loss: 1.3211, train_acc: 67.39, train_fscore: 63.95, valid_loss: nan, valid_acc: nan, valid_fscore: nan, test_loss: 1.4422, test_acc: 61.82, test_fscore: 60.56, time: 0.69 sec
epoch: 20, train_loss: 1.2822, train_acc: 68.36, train_fscore: 67.16, valid_loss: nan, valid_acc: nan, valid_fscore: nan, test_loss: 1.3805, test_acc: 67.23, test_fscore: 62.43, time: 0.69 sec
epoch: 21, train_loss: 1.274, train_acc: 69.78, train_fscore: 67.69, valid_loss: nan, valid_acc: nan, valid_fscore: nan, test_loss: 1.4261, test_acc: 61.72, test_fscore: 59.41, time: 0.7 sec
epoch: 22, train_loss: 1.2998, train_acc: 68.56, train_fscore: 66.08, valid_loss: nan, valid_acc: nan, valid_fscore: nan, test_loss: 1.2788, test_acc: 67.97, test_fscore: 66.98, time: 1.52 sec
epoch: 23, train_loss: 1.2476, train_acc: 69.89, train_fscore: 69.58, valid_loss: nan, valid_acc: nan, valid_fscore: nan, test_loss: 1.3141, test_acc: 69.46, test_fscore: 66.44, time: 0.72 sec
epoch: 24, train_loss: 1.2147, train_acc: 72.64, train_fscore: 71.12, valid_loss: nan, valid_acc: nan, valid_fscore: nan, test_loss: 1.3338, test_acc: 66.81, test_fscore: 63.31, time: 0.68 sec
epoch: 25, train_loss: 1.2241, train_acc: 71.14, train_fscore: 70.23, valid_loss: nan, valid_acc: nan, valid_fscore: nan, test_loss: 1.2911, test_acc: 68.4, test_fscore: 64.7, time: 0.7 sec
epoch: 26, train_loss: 1.2214, train_acc: 71.72, train_fscore: 71.02, valid_loss: nan, valid_acc: nan, valid_fscore: nan, test_loss: 1.3237, test_acc: 66.7, test_fscore: 62.6, time: 0.67 sec
epoch: 27, train_loss: 1.1708, train_acc: 74.72, train_fscore: 73.41, valid_loss: nan, valid_acc: nan, valid_fscore: nan, test_loss: 1.2371, test_acc: 71.37, test_fscore: 71.31, time: 1.53 sec
epoch: 28, train_loss: 1.1582, train_acc: 74.94, train_fscore: 74.19, valid_loss: nan, valid_acc: nan, valid_fscore: nan, test_loss: 1.2417, test_acc: 73.06, test_fscore: 72.9, time: 1.56 sec
epoch: 29, train_loss: 1.1384, train_acc: 76.17, train_fscore: 75.98, valid_loss: nan, valid_acc: nan, valid_fscore: nan, test_loss: 1.2025, test_acc: 74.97, test_fscore: 74.4, time: 1.65 sec
epoch: 30, train_loss: 1.1613, train_acc: 73.97, train_fscore: 73.47, valid_loss: nan, valid_acc: nan, valid_fscore: nan, test_loss: 1.2732, test_acc: 68.29, test_fscore: 67.27, time: 0.81 sec
epoch: 31, train_loss: 1.1217, train_acc: 75.97, train_fscore: 75.92, valid_loss: nan, valid_acc: nan, valid_fscore: nan, test_loss: 1.1987, test_acc: 69.67, test_fscore: 66.96, time: 0.77 sec
epoch: 32, train_loss: 1.1243, train_acc: 74.86, train_fscore: 73.31, valid_loss: nan, valid_acc: nan, valid_fscore: nan, test_loss: 1.2901, test_acc: 63.73, test_fscore: 62.96, time: 0.77 sec
epoch: 33, train_loss: 1.138, train_acc: 74.42, train_fscore: 74.18, valid_loss: nan, valid_acc: nan, valid_fscore: nan, test_loss: 1.2155, test_acc: 65.96, test_fscore: 61.95, time: 0.77 sec
epoch: 34, train_loss: 1.1117, train_acc: 74.94, train_fscore: 73.5, valid_loss: nan, valid_acc: nan, valid_fscore: nan, test_loss: 1.154, test_acc: 72.64, test_fscore: 72.61, time: 0.73 sec
epoch: 35, train_loss: 1.0628, train_acc: 77.94, train_fscore: 77.67, valid_loss: nan, valid_acc: nan, valid_fscore: nan, test_loss: 1.0762, test_acc: 74.97, test_fscore: 74.1, time: 0.66 sec
epoch: 36, train_loss: 1.0339, train_acc: 78.25, train_fscore: 77.97, valid_loss: nan, valid_acc: nan, valid_fscore: nan, test_loss: 1.081, test_acc: 74.02, test_fscore: 73.91, time: 0.7 sec
epoch: 37, train_loss: 1.0384, train_acc: 77.58, train_fscore: 77.22, valid_loss: nan, valid_acc: nan, valid_fscore: nan, test_loss: 1.0936, test_acc: 77.31, test_fscore: 77.13, time: 1.49 sec
epoch: 38, train_loss: 1.0094, train_acc: 79.78, train_fscore: 79.45, valid_loss: nan, valid_acc: nan, valid_fscore: nan, test_loss: 1.0619, test_acc: 73.91, test_fscore: 73.99, time: 0.76 sec
epoch: 39, train_loss: 0.9897, train_acc: 79.36, train_fscore: 79.16, valid_loss: nan, valid_acc: nan, valid_fscore: nan, test_loss: 0.9628, test_acc: 75.82, test_fscore: 75.33, time: 0.76 sec
epoch: 40, train_loss: 0.9883, train_acc: 80.03, train_fscore: 79.89, valid_loss: nan, valid_acc: nan, valid_fscore: nan, test_loss: 0.9972, test_acc: 76.56, test_fscore: 76.17, time: 0.75 sec
epoch: 41, train_loss: 0.9188, train_acc: 81.03, train_fscore: 80.77, valid_loss: nan, valid_acc: nan, valid_fscore: nan, test_loss: 0.9102, test_acc: 76.46, test_fscore: 76.36, time: 0.78 sec
epoch: 42, train_loss: 0.9152, train_acc: 81.28, train_fscore: 81.12, valid_loss: nan, valid_acc: nan, valid_fscore: nan, test_loss: 0.9013, test_acc: 78.37, test_fscore: 77.82, time: 1.62 sec
epoch: 43, train_loss: 0.8895, train_acc: 81.56, train_fscore: 81.37, valid_loss: nan, valid_acc: nan, valid_fscore: nan, test_loss: 0.9169, test_acc: 75.29, test_fscore: 74.91, time: 0.79 sec
epoch: 44, train_loss: 0.8925, train_acc: 81.19, train_fscore: 81.05, valid_loss: nan, valid_acc: nan, valid_fscore: nan, test_loss: 0.8676, test_acc: 78.37, test_fscore: 77.93, time: 1.63 sec
epoch: 45, train_loss: 0.8586, train_acc: 82.08, train_fscore: 81.99, valid_loss: nan, valid_acc: nan, valid_fscore: nan, test_loss: 0.9169, test_acc: 78.58, test_fscore: 78.42, time: 1.63 sec
epoch: 46, train_loss: 0.8523, train_acc: 82.44, train_fscore: 82.34, valid_loss: nan, valid_acc: nan, valid_fscore: nan, test_loss: 0.8696, test_acc: 77.73, test_fscore: 77.45, time: 0.76 sec
epoch: 47, train_loss: 0.8585, train_acc: 81.33, train_fscore: 81.25, valid_loss: nan, valid_acc: nan, valid_fscore: nan, test_loss: 0.8299, test_acc: 81.87, test_fscore: 81.69, time: 1.6 sec
epoch: 48, train_loss: 0.8368, train_acc: 82.11, train_fscore: 82.05, valid_loss: nan, valid_acc: nan, valid_fscore: nan, test_loss: 0.8435, test_acc: 78.79, test_fscore: 78.51, time: 0.72 sec
epoch: 49, train_loss: 0.8253, train_acc: 82.36, train_fscore: 82.27, valid_loss: nan, valid_acc: nan, valid_fscore: nan, test_loss: 0.8111, test_acc: 79.43, test_fscore: 79.14, time: 0.68 sec
epoch: 50, train_loss: 0.8023, train_acc: 83.25, train_fscore: 83.13, valid_loss: nan, valid_acc: nan, valid_fscore: nan, test_loss: 0.7939, test_acc: 80.81, test_fscore: 80.68, time: 0.68 sec
epoch: 51, train_loss: 0.8153, train_acc: 82.5, train_fscore: 82.41, valid_loss: nan, valid_acc: nan, valid_fscore: nan, test_loss: 0.8297, test_acc: 80.28, test_fscore: 80.08, time: 0.68 sec
epoch: 52, train_loss: 0.7841, train_acc: 82.92, train_fscore: 82.84, valid_loss: nan, valid_acc: nan, valid_fscore: nan, test_loss: 0.8077, test_acc: 78.79, test_fscore: 78.55, time: 0.67 sec
epoch: 53, train_loss: 0.7892, train_acc: 83.36, train_fscore: 83.17, valid_loss: nan, valid_acc: nan, valid_fscore: nan, test_loss: 0.7937, test_acc: 80.91, test_fscore: 81.21, time: 0.66 sec
epoch: 54, train_loss: 0.7943, train_acc: 82.28, train_fscore: 82.17, valid_loss: nan, valid_acc: nan, valid_fscore: nan, test_loss: 0.7975, test_acc: 79.64, test_fscore: 79.67, time: 0.69 sec
epoch: 55, train_loss: 0.7767, train_acc: 83.75, train_fscore: 83.7, valid_loss: nan, valid_acc: nan, valid_fscore: nan, test_loss: 0.8193, test_acc: 80.17, test_fscore: 79.99, time: 0.68 sec
epoch: 56, train_loss: 0.7706, train_acc: 83.64, train_fscore: 83.56, valid_loss: nan, valid_acc: nan, valid_fscore: nan, test_loss: 0.8256, test_acc: 78.79, test_fscore: 78.37, time: 0.7 sec
epoch: 57, train_loss: 0.7675, train_acc: 83.61, train_fscore: 83.52, valid_loss: nan, valid_acc: nan, valid_fscore: nan, test_loss: 0.7984, test_acc: 81.65, test_fscore: 81.39, time: 0.69 sec
epoch: 58, train_loss: 0.768, train_acc: 83.11, train_fscore: 83.1, valid_loss: nan, valid_acc: nan, valid_fscore: nan, test_loss: 0.8571, test_acc: 79.32, test_fscore: 79.11, time: 0.68 sec
epoch: 59, train_loss: 0.7568, train_acc: 83.44, train_fscore: 83.4, valid_loss: nan, valid_acc: nan, valid_fscore: nan, test_loss: 0.803, test_acc: 77.94, test_fscore: 77.59, time: 0.69 sec
epoch: 60, train_loss: 0.7523, train_acc: 83.72, train_fscore: 83.64, valid_loss: nan, valid_acc: nan, valid_fscore: nan, test_loss: 0.7654, test_acc: 82.4, test_fscore: 82.13, time: 1.53 sec
epoch: 61, train_loss: 0.7376, train_acc: 84.39, train_fscore: 84.3, valid_loss: nan, valid_acc: nan, valid_fscore: nan, test_loss: 0.7924, test_acc: 79.0, test_fscore: 78.97, time: 0.71 sec
epoch: 62, train_loss: 0.7175, train_acc: 85.36, train_fscore: 85.37, valid_loss: nan, valid_acc: nan, valid_fscore: nan, test_loss: 0.7501, test_acc: 81.44, test_fscore: 81.04, time: 0.66 sec
epoch: 63, train_loss: 0.7203, train_acc: 85.56, train_fscore: 85.46, valid_loss: nan, valid_acc: nan, valid_fscore: nan, test_loss: 0.7562, test_acc: 81.12, test_fscore: 80.94, time: 0.69 sec
epoch: 64, train_loss: 0.7049, train_acc: 85.72, train_fscore: 85.68, valid_loss: nan, valid_acc: nan, valid_fscore: nan, test_loss: 0.747, test_acc: 82.29, test_fscore: 81.95, time: 0.73 sec
epoch: 65, train_loss: 0.6993, train_acc: 86.03, train_fscore: 85.96, valid_loss: nan, valid_acc: nan, valid_fscore: nan, test_loss: 0.7593, test_acc: 82.08, test_fscore: 81.78, time: 0.77 sec
epoch: 66, train_loss: 0.7006, train_acc: 85.25, train_fscore: 85.16, valid_loss: nan, valid_acc: nan, valid_fscore: nan, test_loss: 0.7453, test_acc: 82.08, test_fscore: 82.07, time: 0.76 sec
epoch: 67, train_loss: 0.6974, train_acc: 85.72, train_fscore: 85.63, valid_loss: nan, valid_acc: nan, valid_fscore: nan, test_loss: 0.7419, test_acc: 81.97, test_fscore: 81.87, time: 0.76 sec
epoch: 68, train_loss: 0.6993, train_acc: 85.75, train_fscore: 85.78, valid_loss: nan, valid_acc: nan, valid_fscore: nan, test_loss: 0.7979, test_acc: 79.53, test_fscore: 79.28, time: 0.74 sec
epoch: 69, train_loss: 0.7066, train_acc: 85.5, train_fscore: 85.5, valid_loss: nan, valid_acc: nan, valid_fscore: nan, test_loss: 0.7243, test_acc: 83.67, test_fscore: 83.53, time: 1.6 sec
epoch: 70, train_loss: 0.6877, train_acc: 86.36, train_fscore: 86.31, valid_loss: nan, valid_acc: nan, valid_fscore: nan, test_loss: 0.7737, test_acc: 79.53, test_fscore: 79.21, time: 0.78 sec
epoch: 71, train_loss: 0.6759, train_acc: 86.58, train_fscore: 86.53, valid_loss: nan, valid_acc: nan, valid_fscore: nan, test_loss: 0.765, test_acc: 82.08, test_fscore: 81.91, time: 0.77 sec
epoch: 72, train_loss: 0.6729, train_acc: 86.78, train_fscore: 86.74, valid_loss: nan, valid_acc: nan, valid_fscore: nan, test_loss: 0.7299, test_acc: 82.18, test_fscore: 82.01, time: 0.77 sec
epoch: 73, train_loss: 0.6636, train_acc: 87.22, train_fscore: 87.17, valid_loss: nan, valid_acc: nan, valid_fscore: nan, test_loss: 0.7588, test_acc: 82.18, test_fscore: 82.0, time: 0.77 sec
epoch: 74, train_loss: 0.6538, train_acc: 86.83, train_fscore: 86.81, valid_loss: nan, valid_acc: nan, valid_fscore: nan, test_loss: 0.7307, test_acc: 82.18, test_fscore: 81.99, time: 0.76 sec
epoch: 75, train_loss: 0.6747, train_acc: 86.86, train_fscore: 86.83, valid_loss: nan, valid_acc: nan, valid_fscore: nan, test_loss: 0.7282, test_acc: 83.35, test_fscore: 83.22, time: 0.75 sec
epoch: 76, train_loss: 0.6576, train_acc: 87.53, train_fscore: 87.47, valid_loss: nan, valid_acc: nan, valid_fscore: nan, test_loss: 0.7272, test_acc: 81.44, test_fscore: 81.35, time: 0.76 sec
epoch: 77, train_loss: 0.6543, train_acc: 87.08, train_fscore: 87.08, valid_loss: nan, valid_acc: nan, valid_fscore: nan, test_loss: 0.7341, test_acc: 82.5, test_fscore: 82.13, time: 0.76 sec
epoch: 78, train_loss: 0.654, train_acc: 86.92, train_fscore: 86.9, valid_loss: nan, valid_acc: nan, valid_fscore: nan, test_loss: 0.7303, test_acc: 81.76, test_fscore: 81.46, time: 0.75 sec
epoch: 79, train_loss: 0.655, train_acc: 87.36, train_fscore: 87.34, valid_loss: nan, valid_acc: nan, valid_fscore: nan, test_loss: 0.7058, test_acc: 83.67, test_fscore: 83.52, time: 0.76 sec
epoch: 80, train_loss: 0.6462, train_acc: 87.14, train_fscore: 87.09, valid_loss: nan, valid_acc: nan, valid_fscore: nan, test_loss: 0.685, test_acc: 83.56, test_fscore: 83.48, time: 0.76 sec
epoch: 81, train_loss: 0.6423, train_acc: 87.06, train_fscore: 87.02, valid_loss: nan, valid_acc: nan, valid_fscore: nan, test_loss: 0.686, test_acc: 83.99, test_fscore: 83.8, time: 1.48 sec
epoch: 82, train_loss: 0.6402, train_acc: 87.53, train_fscore: 87.54, valid_loss: nan, valid_acc: nan, valid_fscore: nan, test_loss: 0.746, test_acc: 82.29, test_fscore: 82.14, time: 0.59 sec
epoch: 83, train_loss: 0.6248, train_acc: 87.67, train_fscore: 87.64, valid_loss: nan, valid_acc: nan, valid_fscore: nan, test_loss: 0.7017, test_acc: 83.35, test_fscore: 83.17, time: 0.7 sec
epoch: 84, train_loss: 0.6233, train_acc: 88.0, train_fscore: 87.96, valid_loss: nan, valid_acc: nan, valid_fscore: nan, test_loss: 0.7195, test_acc: 82.29, test_fscore: 82.18, time: 0.67 sec
epoch: 85, train_loss: 0.599, train_acc: 88.28, train_fscore: 88.26, valid_loss: nan, valid_acc: nan, valid_fscore: nan, test_loss: 0.71, test_acc: 83.99, test_fscore: 83.84, time: 1.55 sec
epoch: 86, train_loss: 0.6202, train_acc: 88.19, train_fscore: 88.15, valid_loss: nan, valid_acc: nan, valid_fscore: nan, test_loss: 0.7145, test_acc: 82.4, test_fscore: 82.24, time: 0.71 sec
epoch: 87, train_loss: 0.6137, train_acc: 88.22, train_fscore: 88.2, valid_loss: nan, valid_acc: nan, valid_fscore: nan, test_loss: 0.6817, test_acc: 84.41, test_fscore: 84.29, time: 1.58 sec
epoch: 88, train_loss: 0.6135, train_acc: 88.39, train_fscore: 88.39, valid_loss: nan, valid_acc: nan, valid_fscore: nan, test_loss: 0.7001, test_acc: 83.14, test_fscore: 82.96, time: 0.72 sec
epoch: 89, train_loss: 0.6166, train_acc: 88.33, train_fscore: 88.32, valid_loss: nan, valid_acc: nan, valid_fscore: nan, test_loss: 0.6892, test_acc: 84.2, test_fscore: 84.04, time: 0.73 sec
epoch: 90, train_loss: 0.6, train_acc: 88.53, train_fscore: 88.49, valid_loss: nan, valid_acc: nan, valid_fscore: nan, test_loss: 0.681, test_acc: 83.35, test_fscore: 83.3, time: 0.76 sec
epoch: 91, train_loss: 0.6095, train_acc: 88.36, train_fscore: 88.35, valid_loss: nan, valid_acc: nan, valid_fscore: nan, test_loss: 0.71, test_acc: 82.5, test_fscore: 82.14, time: 0.74 sec
epoch: 92, train_loss: 0.5979, train_acc: 88.75, train_fscore: 88.75, valid_loss: nan, valid_acc: nan, valid_fscore: nan, test_loss: 0.6825, test_acc: 84.09, test_fscore: 83.96, time: 0.72 sec
epoch: 93, train_loss: 0.6041, train_acc: 88.58, train_fscore: 88.55, valid_loss: nan, valid_acc: nan, valid_fscore: nan, test_loss: 0.6818, test_acc: 84.52, test_fscore: 84.36, time: 1.51 sec
epoch: 94, train_loss: 0.6013, train_acc: 88.56, train_fscore: 88.53, valid_loss: nan, valid_acc: nan, valid_fscore: nan, test_loss: 0.6819, test_acc: 84.52, test_fscore: 84.51, time: 1.57 sec
epoch: 95, train_loss: 0.5848, train_acc: 90.06, train_fscore: 90.05, valid_loss: nan, valid_acc: nan, valid_fscore: nan, test_loss: 0.7161, test_acc: 81.87, test_fscore: 81.69, time: 0.71 sec
epoch: 96, train_loss: 0.5984, train_acc: 88.36, train_fscore: 88.36, valid_loss: nan, valid_acc: nan, valid_fscore: nan, test_loss: 0.7034, test_acc: 84.2, test_fscore: 83.99, time: 0.71 sec
epoch: 97, train_loss: 0.5792, train_acc: 89.64, train_fscore: 89.61, valid_loss: nan, valid_acc: nan, valid_fscore: nan, test_loss: 0.6891, test_acc: 83.14, test_fscore: 83.06, time: 0.7 sec
epoch: 98, train_loss: 0.5774, train_acc: 89.81, train_fscore: 89.81, valid_loss: nan, valid_acc: nan, valid_fscore: nan, test_loss: 0.6926, test_acc: 84.31, test_fscore: 84.18, time: 0.66 sec
epoch: 99, train_loss: 0.5933, train_acc: 89.39, train_fscore: 89.37, valid_loss: nan, valid_acc: nan, valid_fscore: nan, test_loss: 0.6859, test_acc: 83.24, test_fscore: 83.13, time: 0.7 sec
epoch: 100, train_loss: 0.5872, train_acc: 88.67, train_fscore: 88.63, valid_loss: nan, valid_acc: nan, valid_fscore: nan, test_loss: 0.6759, test_acc: 83.99, test_fscore: 83.75, time: 0.68 sec
epoch: 101, train_loss: 0.5824, train_acc: 88.97, train_fscore: 88.96, valid_loss: nan, valid_acc: nan, valid_fscore: nan, test_loss: 0.6967, test_acc: 84.2, test_fscore: 84.05, time: 0.7 sec
epoch: 102, train_loss: 0.5727, train_acc: 89.39, train_fscore: 89.39, valid_loss: nan, valid_acc: nan, valid_fscore: nan, test_loss: 0.685, test_acc: 83.35, test_fscore: 83.35, time: 0.71 sec
epoch: 103, train_loss: 0.5852, train_acc: 88.58, train_fscore: 88.58, valid_loss: nan, valid_acc: nan, valid_fscore: nan, test_loss: 0.6919, test_acc: 83.35, test_fscore: 83.21, time: 0.76 sec
epoch: 104, train_loss: 0.5662, train_acc: 89.86, train_fscore: 89.83, valid_loss: nan, valid_acc: nan, valid_fscore: nan, test_loss: 0.6623, test_acc: 85.26, test_fscore: 85.21, time: 1.59 sec
epoch: 105, train_loss: 0.5718, train_acc: 89.25, train_fscore: 89.23, valid_loss: nan, valid_acc: nan, valid_fscore: nan, test_loss: 0.6912, test_acc: 84.2, test_fscore: 84.16, time: 0.7 sec
epoch: 106, train_loss: 0.5681, train_acc: 89.83, train_fscore: 89.82, valid_loss: nan, valid_acc: nan, valid_fscore: nan, test_loss: 0.6708, test_acc: 83.99, test_fscore: 83.83, time: 0.6 sec
epoch: 107, train_loss: 0.5514, train_acc: 90.47, train_fscore: 90.46, valid_loss: nan, valid_acc: nan, valid_fscore: nan, test_loss: 0.7005, test_acc: 82.5, test_fscore: 82.25, time: 0.58 sec
epoch: 108, train_loss: 0.5472, train_acc: 89.97, train_fscore: 89.97, valid_loss: nan, valid_acc: nan, valid_fscore: nan, test_loss: 0.6575, test_acc: 85.15, test_fscore: 85.07, time: 0.6 sec
epoch: 109, train_loss: 0.576, train_acc: 89.42, train_fscore: 89.41, valid_loss: nan, valid_acc: nan, valid_fscore: nan, test_loss: 0.7338, test_acc: 83.78, test_fscore: 83.65, time: 0.59 sec
epoch: 110, train_loss: 0.5615, train_acc: 89.75, train_fscore: 89.76, valid_loss: nan, valid_acc: nan, valid_fscore: nan, test_loss: 0.6751, test_acc: 84.09, test_fscore: 83.98, time: 0.58 sec
epoch: 111, train_loss: 0.5549, train_acc: 90.39, train_fscore: 90.35, valid_loss: nan, valid_acc: nan, valid_fscore: nan, test_loss: 0.6571, test_acc: 84.84, test_fscore: 84.8, time: 0.61 sec
epoch: 112, train_loss: 0.5487, train_acc: 90.42, train_fscore: 90.39, valid_loss: nan, valid_acc: nan, valid_fscore: nan, test_loss: 0.6604, test_acc: 85.47, test_fscore: 85.32, time: 1.45 sec
epoch: 113, train_loss: 0.5479, train_acc: 89.92, train_fscore: 89.93, valid_loss: nan, valid_acc: nan, valid_fscore: nan, test_loss: 0.6745, test_acc: 83.78, test_fscore: 83.66, time: 0.62 sec
epoch: 114, train_loss: 0.5399, train_acc: 90.5, train_fscore: 90.48, valid_loss: nan, valid_acc: nan, valid_fscore: nan, test_loss: 0.6493, test_acc: 85.26, test_fscore: 85.17, time: 0.62 sec
epoch: 115, train_loss: 0.5304, train_acc: 90.36, train_fscore: 90.35, valid_loss: nan, valid_acc: nan, valid_fscore: nan, test_loss: 0.6765, test_acc: 84.73, test_fscore: 84.68, time: 0.61 sec
epoch: 116, train_loss: 0.5256, train_acc: 90.56, train_fscore: 90.54, valid_loss: nan, valid_acc: nan, valid_fscore: nan, test_loss: 0.6563, test_acc: 84.84, test_fscore: 84.75, time: 0.6 sec
epoch: 117, train_loss: 0.5267, train_acc: 90.72, train_fscore: 90.72, valid_loss: nan, valid_acc: nan, valid_fscore: nan, test_loss: 0.6965, test_acc: 84.31, test_fscore: 84.09, time: 0.59 sec
epoch: 118, train_loss: 0.5329, train_acc: 90.03, train_fscore: 90.02, valid_loss: nan, valid_acc: nan, valid_fscore: nan, test_loss: 0.6782, test_acc: 83.67, test_fscore: 83.49, time: 0.6 sec
epoch: 119, train_loss: 0.5282, train_acc: 90.47, train_fscore: 90.46, valid_loss: nan, valid_acc: nan, valid_fscore: nan, test_loss: 0.6627, test_acc: 84.41, test_fscore: 84.35, time: 0.61 sec
epoch: 120, train_loss: 0.5376, train_acc: 90.25, train_fscore: 90.24, valid_loss: nan, valid_acc: nan, valid_fscore: nan, test_loss: 0.656, test_acc: 85.47, test_fscore: 85.42, time: 1.43 sec
epoch: 121, train_loss: 0.5335, train_acc: 90.06, train_fscore: 90.05, valid_loss: nan, valid_acc: nan, valid_fscore: nan, test_loss: 0.6773, test_acc: 84.41, test_fscore: 84.26, time: 0.62 sec
epoch: 122, train_loss: 0.5364, train_acc: 90.31, train_fscore: 90.3, valid_loss: nan, valid_acc: nan, valid_fscore: nan, test_loss: 0.6658, test_acc: 85.05, test_fscore: 84.93, time: 0.58 sec
epoch: 123, train_loss: 0.5241, train_acc: 90.44, train_fscore: 90.44, valid_loss: nan, valid_acc: nan, valid_fscore: nan, test_loss: 0.6528, test_acc: 85.9, test_fscore: 85.83, time: 1.44 sec
epoch: 124, train_loss: 0.5181, train_acc: 91.39, train_fscore: 91.37, valid_loss: nan, valid_acc: nan, valid_fscore: nan, test_loss: 0.6446, test_acc: 85.47, test_fscore: 85.38, time: 0.77 sec
epoch: 125, train_loss: 0.5093, train_acc: 91.5, train_fscore: 91.51, valid_loss: nan, valid_acc: nan, valid_fscore: nan, test_loss: 0.6611, test_acc: 84.62, test_fscore: 84.47, time: 0.76 sec
epoch: 126, train_loss: 0.5085, train_acc: 90.92, train_fscore: 90.91, valid_loss: nan, valid_acc: nan, valid_fscore: nan, test_loss: 0.6618, test_acc: 85.58, test_fscore: 85.54, time: 0.77 sec
epoch: 127, train_loss: 0.5135, train_acc: 90.56, train_fscore: 90.55, valid_loss: nan, valid_acc: nan, valid_fscore: nan, test_loss: 0.6488, test_acc: 85.47, test_fscore: 85.42, time: 0.78 sec
epoch: 128, train_loss: 0.5091, train_acc: 91.11, train_fscore: 91.1, valid_loss: nan, valid_acc: nan, valid_fscore: nan, test_loss: 0.6685, test_acc: 84.62, test_fscore: 84.3, time: 0.76 sec
epoch: 129, train_loss: 0.5114, train_acc: 90.92, train_fscore: 90.9, valid_loss: nan, valid_acc: nan, valid_fscore: nan, test_loss: 0.661, test_acc: 84.73, test_fscore: 84.67, time: 0.74 sec
epoch: 130, train_loss: 0.5065, train_acc: 91.0, train_fscore: 91.0, valid_loss: nan, valid_acc: nan, valid_fscore: nan, test_loss: 0.7056, test_acc: 83.99, test_fscore: 83.91, time: 0.73 sec
epoch: 131, train_loss: 0.5112, train_acc: 91.25, train_fscore: 91.25, valid_loss: nan, valid_acc: nan, valid_fscore: nan, test_loss: 0.6623, test_acc: 84.41, test_fscore: 84.34, time: 0.77 sec
epoch: 132, train_loss: 0.5047, train_acc: 90.78, train_fscore: 90.75, valid_loss: nan, valid_acc: nan, valid_fscore: nan, test_loss: 0.6608, test_acc: 83.67, test_fscore: 83.52, time: 0.72 sec
epoch: 133, train_loss: 0.5206, train_acc: 90.64, train_fscore: 90.64, valid_loss: nan, valid_acc: nan, valid_fscore: nan, test_loss: 0.6512, test_acc: 85.68, test_fscore: 85.6, time: 0.76 sec
epoch: 134, train_loss: 0.5019, train_acc: 91.39, train_fscore: 91.39, valid_loss: nan, valid_acc: nan, valid_fscore: nan, test_loss: 0.6732, test_acc: 84.52, test_fscore: 84.47, time: 0.77 sec
epoch: 135, train_loss: 0.5105, train_acc: 91.19, train_fscore: 91.2, valid_loss: nan, valid_acc: nan, valid_fscore: nan, test_loss: 0.6467, test_acc: 84.84, test_fscore: 84.72, time: 0.76 sec
epoch: 136, train_loss: 0.4966, train_acc: 91.58, train_fscore: 91.55, valid_loss: nan, valid_acc: nan, valid_fscore: nan, test_loss: 0.6315, test_acc: 86.11, test_fscore: 86.06, time: 1.59 sec
epoch: 137, train_loss: 0.4885, train_acc: 91.83, train_fscore: 91.83, valid_loss: nan, valid_acc: nan, valid_fscore: nan, test_loss: 0.6466, test_acc: 85.47, test_fscore: 85.42, time: 0.78 sec
epoch: 138, train_loss: 0.4834, train_acc: 91.92, train_fscore: 91.92, valid_loss: nan, valid_acc: nan, valid_fscore: nan, test_loss: 0.704, test_acc: 83.46, test_fscore: 83.1, time: 0.77 sec
epoch: 139, train_loss: 0.4845, train_acc: 91.42, train_fscore: 91.41, valid_loss: nan, valid_acc: nan, valid_fscore: nan, test_loss: 0.6609, test_acc: 84.94, test_fscore: 84.84, time: 0.74 sec
epoch: 140, train_loss: 0.4769, train_acc: 92.14, train_fscore: 92.13, valid_loss: nan, valid_acc: nan, valid_fscore: nan, test_loss: 0.6518, test_acc: 84.94, test_fscore: 84.85, time: 0.77 sec
epoch: 141, train_loss: 0.4774, train_acc: 92.08, train_fscore: 92.07, valid_loss: nan, valid_acc: nan, valid_fscore: nan, test_loss: 0.652, test_acc: 85.26, test_fscore: 85.18, time: 0.7 sec
epoch: 142, train_loss: 0.4709, train_acc: 91.78, train_fscore: 91.78, valid_loss: nan, valid_acc: nan, valid_fscore: nan, test_loss: 0.649, test_acc: 85.37, test_fscore: 85.27, time: 0.69 sec
epoch: 143, train_loss: 0.4825, train_acc: 91.81, train_fscore: 91.8, valid_loss: nan, valid_acc: nan, valid_fscore: nan, test_loss: 0.6731, test_acc: 84.41, test_fscore: 84.35, time: 0.7 sec
epoch: 144, train_loss: 0.4802, train_acc: 92.42, train_fscore: 92.41, valid_loss: nan, valid_acc: nan, valid_fscore: nan, test_loss: 0.6491, test_acc: 85.15, test_fscore: 85.08, time: 0.7 sec
epoch: 145, train_loss: 0.4752, train_acc: 91.83, train_fscore: 91.82, valid_loss: nan, valid_acc: nan, valid_fscore: nan, test_loss: 0.6437, test_acc: 84.62, test_fscore: 84.57, time: 0.7 sec
epoch: 146, train_loss: 0.4683, train_acc: 92.33, train_fscore: 92.31, valid_loss: nan, valid_acc: nan, valid_fscore: nan, test_loss: 0.6351, test_acc: 85.9, test_fscore: 85.82, time: 0.7 sec
epoch: 147, train_loss: 0.4627, train_acc: 91.94, train_fscore: 91.94, valid_loss: nan, valid_acc: nan, valid_fscore: nan, test_loss: 0.6579, test_acc: 85.37, test_fscore: 85.3, time: 0.67 sec
epoch: 148, train_loss: 0.4694, train_acc: 91.83, train_fscore: 91.83, valid_loss: nan, valid_acc: nan, valid_fscore: nan, test_loss: 0.6783, test_acc: 85.05, test_fscore: 84.9, time: 0.71 sec
epoch: 149, train_loss: 0.4609, train_acc: 92.69, train_fscore: 92.69, valid_loss: nan, valid_acc: nan, valid_fscore: nan, test_loss: 0.6523, test_acc: 85.47, test_fscore: 85.41, time: 0.59 sec
epoch: 150, train_loss: 0.472, train_acc: 91.78, train_fscore: 91.76, valid_loss: nan, valid_acc: nan, valid_fscore: nan, test_loss: 0.6371, test_acc: 87.17, test_fscore: 87.19, time: 1.37 sec
epoch: 151, train_loss: 0.4714, train_acc: 91.47, train_fscore: 91.46, valid_loss: nan, valid_acc: nan, valid_fscore: nan, test_loss: 0.6475, test_acc: 85.79, test_fscore: 85.66, time: 0.63 sec
epoch: 152, train_loss: 0.4651, train_acc: 92.58, train_fscore: 92.59, valid_loss: nan, valid_acc: nan, valid_fscore: nan, test_loss: 0.6501, test_acc: 85.26, test_fscore: 85.25, time: 0.59 sec
epoch: 153, train_loss: 0.4612, train_acc: 92.06, train_fscore: 92.04, valid_loss: nan, valid_acc: nan, valid_fscore: nan, test_loss: 0.6417, test_acc: 86.11, test_fscore: 86.03, time: 0.53 sec
epoch: 154, train_loss: 0.453, train_acc: 92.92, train_fscore: 92.91, valid_loss: nan, valid_acc: nan, valid_fscore: nan, test_loss: 0.6509, test_acc: 85.58, test_fscore: 85.49, time: 0.55 sec
epoch: 155, train_loss: 0.4595, train_acc: 92.39, train_fscore: 92.38, valid_loss: nan, valid_acc: nan, valid_fscore: nan, test_loss: 0.644, test_acc: 85.15, test_fscore: 85.01, time: 0.55 sec
epoch: 156, train_loss: 0.447, train_acc: 92.56, train_fscore: 92.56, valid_loss: nan, valid_acc: nan, valid_fscore: nan, test_loss: 0.6489, test_acc: 85.58, test_fscore: 85.49, time: 0.62 sec
epoch: 157, train_loss: 0.4517, train_acc: 92.92, train_fscore: 92.91, valid_loss: nan, valid_acc: nan, valid_fscore: nan, test_loss: 0.6354, test_acc: 86.32, test_fscore: 86.24, time: 0.62 sec
epoch: 158, train_loss: 0.451, train_acc: 92.67, train_fscore: 92.67, valid_loss: nan, valid_acc: nan, valid_fscore: nan, test_loss: 0.7011, test_acc: 83.24, test_fscore: 83.14, time: 0.57 sec
epoch: 159, train_loss: 0.4512, train_acc: 92.06, train_fscore: 92.05, valid_loss: nan, valid_acc: nan, valid_fscore: nan, test_loss: 0.6457, test_acc: 85.37, test_fscore: 85.3, time: 0.62 sec
epoch: 160, train_loss: 0.4572, train_acc: 92.47, train_fscore: 92.44, valid_loss: nan, valid_acc: nan, valid_fscore: nan, test_loss: 0.6475, test_acc: 85.37, test_fscore: 85.32, time: 0.61 sec
epoch: 161, train_loss: 0.4563, train_acc: 92.56, train_fscore: 92.56, valid_loss: nan, valid_acc: nan, valid_fscore: nan, test_loss: 0.6525, test_acc: 85.37, test_fscore: 85.2, time: 0.59 sec
epoch: 162, train_loss: 0.4453, train_acc: 92.78, train_fscore: 92.78, valid_loss: nan, valid_acc: nan, valid_fscore: nan, test_loss: 0.6616, test_acc: 86.11, test_fscore: 86.04, time: 0.61 sec
epoch: 163, train_loss: 0.4534, train_acc: 92.47, train_fscore: 92.46, valid_loss: nan, valid_acc: nan, valid_fscore: nan, test_loss: 0.6442, test_acc: 84.94, test_fscore: 84.78, time: 0.57 sec
epoch: 164, train_loss: 0.4474, train_acc: 92.36, train_fscore: 92.34, valid_loss: nan, valid_acc: nan, valid_fscore: nan, test_loss: 0.6419, test_acc: 85.47, test_fscore: 85.45, time: 0.59 sec
epoch: 165, train_loss: 0.4479, train_acc: 92.42, train_fscore: 92.42, valid_loss: nan, valid_acc: nan, valid_fscore: nan, test_loss: 0.6506, test_acc: 86.0, test_fscore: 85.92, time: 0.59 sec
epoch: 166, train_loss: 0.4245, train_acc: 93.58, train_fscore: 93.57, valid_loss: nan, valid_acc: nan, valid_fscore: nan, test_loss: 0.649, test_acc: 85.26, test_fscore: 85.23, time: 0.6 sec
epoch: 167, train_loss: 0.4408, train_acc: 92.86, train_fscore: 92.86, valid_loss: nan, valid_acc: nan, valid_fscore: nan, test_loss: 0.6489, test_acc: 85.26, test_fscore: 85.19, time: 0.61 sec
epoch: 168, train_loss: 0.4493, train_acc: 92.58, train_fscore: 92.58, valid_loss: nan, valid_acc: nan, valid_fscore: nan, test_loss: 0.6921, test_acc: 83.46, test_fscore: 83.25, time: 0.59 sec
epoch: 169, train_loss: 0.4476, train_acc: 92.86, train_fscore: 92.86, valid_loss: nan, valid_acc: nan, valid_fscore: nan, test_loss: 0.6269, test_acc: 85.79, test_fscore: 85.69, time: 0.58 sec
epoch: 170, train_loss: 0.4305, train_acc: 93.28, train_fscore: 93.26, valid_loss: nan, valid_acc: nan, valid_fscore: nan, test_loss: 0.6657, test_acc: 85.37, test_fscore: 85.33, time: 0.59 sec
Test performance..
F-Score: 87.19
F-Score-index: 150
              precision    recall  f1-score   support

           0     0.8000    0.8611    0.8294     144.0
           1     0.8750    0.8857    0.8803     245.0
           2     0.9053    0.8464    0.8748     384.0
           3     0.8619    0.9176    0.8889     170.0

    accuracy                         0.8717     943.0
   macro avg     0.8605    0.8777    0.8684     943.0
weighted avg     0.8735    0.8717    0.8719     943.0

[[124.   4.  15.   1.]
 [ 11. 217.  10.   7.]
 [ 20.  22. 325.  17.]
 [  0.   5.   9. 156.]]
