Log file: /storage/24721521_lzw/lzw/0825_开源版本/MOCAR/outputs/iemocap6/logs/20260825_153832_iemocap6_train.log
Namespace(Dataset='IEMOCAP', base_margin=0.0, batch_size=16, car_audio_weight=1.0, car_fused_weight=1.5, car_lambda=0.075, car_text_weight=0.5, car_video_weight=0.5, checkpoint=None, class_weight=True, conf_beta=0.85, conf_log_interval=0, conf_min_score=0.0, conf_temp=1.5, conf_warmup=5, data_path='/storage/24721521_lzw/lzw/0609/css_ablate_pgm_spfusion_mocar/data/iemocap_multimodal_features.pkl', dropout=0.55, early_stop_patience=20, epochs=200, eval_only=False, gpu=0, hidden_dim=1024, l2=6.662349508864241e-06, log_dir='outputs/iemocap6/logs', lr=9.262399152486561e-05, margin_scale=0.0, n_head=8, no_cuda=False, no_save_checkpoint=False, order=3, pair_margin_lambda=0.03, rank=16, run_name='iemocap_seed61078', save_best_dir='outputs/iemocap6/checkpoints', seed=61078, temp=2, tensorboard=False, topk_conf_pairs=5, use_mocar=True)
Running on GPU cuda:0
temp 2
total parameters: 50287642
training parameters: 50287642
MOCAR enabled: modality-wise online confusion matrices + CAR + hard-pair margin
/storage/24721521_lzw/lzw/0825_开源版本/MOCAR/src/dataloader.py:29: UserWarning: Creating a tensor from a list of numpy.ndarrays is extremely slow. Please consider converting the list to a single numpy.ndarray with numpy.array() before converting to a tensor. (Triggered internally at ../torch/csrc/utils/tensor_new.cpp:245.)
  return torch.FloatTensor(self.videoText[vid]),\
epoch: 1, train_loss: 2.3535, train_acc: 29.02, train_fscore: 29.49, valid_loss: nan, valid_acc: nan, valid_fscore: nan, test_loss: 2.0834, test_acc: 46.58, test_fscore: 42.08, time: 2.46 sec
epoch: 2, train_loss: 1.9983, train_acc: 53.61, train_fscore: 51.23, valid_loss: nan, valid_acc: nan, valid_fscore: nan, test_loss: 1.9324, test_acc: 50.59, test_fscore: 51.72, time: 4.97 sec
epoch: 3, train_loss: 1.7795, train_acc: 59.88, train_fscore: 59.5, valid_loss: nan, valid_acc: nan, valid_fscore: nan, test_loss: 1.6705, test_acc: 58.23, test_fscore: 58.83, time: 5.25 sec
epoch: 4, train_loss: 1.5278, train_acc: 64.75, train_fscore: 64.69, valid_loss: nan, valid_acc: nan, valid_fscore: nan, test_loss: 1.4732, test_acc: 63.52, test_fscore: 63.23, time: 5.04 sec
epoch: 5, train_loss: 1.3797, train_acc: 66.99, train_fscore: 66.67, valid_loss: nan, valid_acc: nan, valid_fscore: nan, test_loss: 1.4266, test_acc: 61.24, test_fscore: 61.72, time: 1.65 sec
epoch: 6, train_loss: 1.482, train_acc: 67.4, train_fscore: 66.91, valid_loss: nan, valid_acc: nan, valid_fscore: nan, test_loss: 1.3982, test_acc: 56.44, test_fscore: 55.68, time: 1.9 sec
epoch: 7, train_loss: 1.4362, train_acc: 67.49, train_fscore: 67.22, valid_loss: nan, valid_acc: nan, valid_fscore: nan, test_loss: 1.3208, test_acc: 62.48, test_fscore: 63.2, time: 1.81 sec
epoch: 8, train_loss: 1.3654, train_acc: 71.1, train_fscore: 70.74, valid_loss: nan, valid_acc: nan, valid_fscore: nan, test_loss: 1.2806, test_acc: 68.21, test_fscore: 68.13, time: 5.3 sec
epoch: 9, train_loss: 1.3293, train_acc: 70.43, train_fscore: 70.34, valid_loss: nan, valid_acc: nan, valid_fscore: nan, test_loss: 1.2765, test_acc: 67.22, test_fscore: 66.72, time: 1.81 sec
epoch: 10, train_loss: 1.2795, train_acc: 70.98, train_fscore: 70.7, valid_loss: nan, valid_acc: nan, valid_fscore: nan, test_loss: 1.3044, test_acc: 65.93, test_fscore: 65.92, time: 1.79 sec
epoch: 11, train_loss: 1.251, train_acc: 72.65, train_fscore: 72.28, valid_loss: nan, valid_acc: nan, valid_fscore: nan, test_loss: 1.2226, test_acc: 66.79, test_fscore: 67.59, time: 1.84 sec
epoch: 12, train_loss: 1.2141, train_acc: 72.96, train_fscore: 72.67, valid_loss: nan, valid_acc: nan, valid_fscore: nan, test_loss: 1.2574, test_acc: 66.85, test_fscore: 67.67, time: 1.85 sec
epoch: 13, train_loss: 1.2165, train_acc: 73.82, train_fscore: 73.69, valid_loss: nan, valid_acc: nan, valid_fscore: nan, test_loss: 1.2119, test_acc: 68.27, test_fscore: 68.97, time: 5.08 sec
epoch: 14, train_loss: 1.1751, train_acc: 74.85, train_fscore: 74.61, valid_loss: nan, valid_acc: nan, valid_fscore: nan, test_loss: 1.1632, test_acc: 69.01, test_fscore: 69.43, time: 5.09 sec
epoch: 15, train_loss: 1.1473, train_acc: 75.58, train_fscore: 75.38, valid_loss: nan, valid_acc: nan, valid_fscore: nan, test_loss: 1.2207, test_acc: 66.3, test_fscore: 67.05, time: 1.79 sec
epoch: 16, train_loss: 1.128, train_acc: 75.77, train_fscore: 75.66, valid_loss: nan, valid_acc: nan, valid_fscore: nan, test_loss: 1.1473, test_acc: 71.97, test_fscore: 71.88, time: 5.11 sec
epoch: 17, train_loss: 1.1092, train_acc: 76.87, train_fscore: 76.69, valid_loss: nan, valid_acc: nan, valid_fscore: nan, test_loss: 1.1621, test_acc: 70.18, test_fscore: 70.61, time: 1.8 sec
epoch: 18, train_loss: 1.088, train_acc: 77.13, train_fscore: 76.97, valid_loss: nan, valid_acc: nan, valid_fscore: nan, test_loss: 1.1578, test_acc: 69.32, test_fscore: 69.76, time: 1.77 sec
epoch: 19, train_loss: 1.0842, train_acc: 76.8, train_fscore: 76.62, valid_loss: nan, valid_acc: nan, valid_fscore: nan, test_loss: 1.1549, test_acc: 69.56, test_fscore: 69.95, time: 1.76 sec
epoch: 20, train_loss: 1.0798, train_acc: 77.64, train_fscore: 77.45, valid_loss: nan, valid_acc: nan, valid_fscore: nan, test_loss: 1.1381, test_acc: 71.35, test_fscore: 71.63, time: 1.75 sec
epoch: 21, train_loss: 1.043, train_acc: 78.43, train_fscore: 78.27, valid_loss: nan, valid_acc: nan, valid_fscore: nan, test_loss: 1.132, test_acc: 70.49, test_fscore: 70.8, time: 1.77 sec
epoch: 22, train_loss: 1.0354, train_acc: 78.55, train_fscore: 78.35, valid_loss: nan, valid_acc: nan, valid_fscore: nan, test_loss: 1.1303, test_acc: 71.29, test_fscore: 71.66, time: 1.78 sec
epoch: 23, train_loss: 1.022, train_acc: 80.12, train_fscore: 80.01, valid_loss: nan, valid_acc: nan, valid_fscore: nan, test_loss: 1.1532, test_acc: 69.01, test_fscore: 69.39, time: 1.77 sec
epoch: 24, train_loss: 1.013, train_acc: 80.02, train_fscore: 79.91, valid_loss: nan, valid_acc: nan, valid_fscore: nan, test_loss: 1.1091, test_acc: 70.43, test_fscore: 70.89, time: 1.83 sec
epoch: 25, train_loss: 0.9965, train_acc: 80.53, train_fscore: 80.38, valid_loss: nan, valid_acc: nan, valid_fscore: nan, test_loss: 1.0951, test_acc: 69.87, test_fscore: 70.36, time: 1.84 sec
epoch: 26, train_loss: 0.9822, train_acc: 79.62, train_fscore: 79.42, valid_loss: nan, valid_acc: nan, valid_fscore: nan, test_loss: 1.1432, test_acc: 68.52, test_fscore: 69.0, time: 1.84 sec
epoch: 27, train_loss: 0.9734, train_acc: 79.86, train_fscore: 79.73, valid_loss: nan, valid_acc: nan, valid_fscore: nan, test_loss: 1.0929, test_acc: 72.52, test_fscore: 72.79, time: 5.19 sec
epoch: 28, train_loss: 0.9514, train_acc: 81.58, train_fscore: 81.44, valid_loss: nan, valid_acc: nan, valid_fscore: nan, test_loss: 1.139, test_acc: 70.12, test_fscore: 70.54, time: 1.8 sec
epoch: 29, train_loss: 0.9379, train_acc: 80.9, train_fscore: 80.78, valid_loss: nan, valid_acc: nan, valid_fscore: nan, test_loss: 1.1017, test_acc: 70.55, test_fscore: 71.04, time: 1.78 sec
epoch: 30, train_loss: 0.9264, train_acc: 81.19, train_fscore: 81.02, valid_loss: nan, valid_acc: nan, valid_fscore: nan, test_loss: 1.1387, test_acc: 69.62, test_fscore: 70.19, time: 1.77 sec
epoch: 31, train_loss: 0.914, train_acc: 81.82, train_fscore: 81.66, valid_loss: nan, valid_acc: nan, valid_fscore: nan, test_loss: 1.1472, test_acc: 68.7, test_fscore: 68.92, time: 1.76 sec
epoch: 32, train_loss: 0.9165, train_acc: 81.29, train_fscore: 81.23, valid_loss: nan, valid_acc: nan, valid_fscore: nan, test_loss: 1.1388, test_acc: 69.25, test_fscore: 69.59, time: 1.76 sec
epoch: 33, train_loss: 0.9095, train_acc: 81.29, train_fscore: 81.09, valid_loss: nan, valid_acc: nan, valid_fscore: nan, test_loss: 1.1085, test_acc: 70.67, test_fscore: 71.06, time: 1.77 sec
epoch: 34, train_loss: 0.8884, train_acc: 82.51, train_fscore: 82.36, valid_loss: nan, valid_acc: nan, valid_fscore: nan, test_loss: 1.1261, test_acc: 72.27, test_fscore: 72.7, time: 1.78 sec
epoch: 35, train_loss: 0.8815, train_acc: 82.58, train_fscore: 82.54, valid_loss: nan, valid_acc: nan, valid_fscore: nan, test_loss: 1.1091, test_acc: 73.32, test_fscore: 73.42, time: 5.17 sec
epoch: 36, train_loss: 0.8842, train_acc: 82.99, train_fscore: 82.89, valid_loss: nan, valid_acc: nan, valid_fscore: nan, test_loss: 1.1066, test_acc: 73.32, test_fscore: 73.66, time: 5.08 sec
epoch: 37, train_loss: 0.8584, train_acc: 83.43, train_fscore: 83.29, valid_loss: nan, valid_acc: nan, valid_fscore: nan, test_loss: 1.1647, test_acc: 69.69, test_fscore: 69.96, time: 1.79 sec
epoch: 38, train_loss: 0.8542, train_acc: 83.18, train_fscore: 83.05, valid_loss: nan, valid_acc: nan, valid_fscore: nan, test_loss: 1.1358, test_acc: 69.93, test_fscore: 70.4, time: 1.78 sec
epoch: 39, train_loss: 0.8525, train_acc: 83.46, train_fscore: 83.35, valid_loss: nan, valid_acc: nan, valid_fscore: nan, test_loss: 1.1194, test_acc: 70.67, test_fscore: 71.0, time: 1.8 sec
epoch: 40, train_loss: 0.8425, train_acc: 84.2, train_fscore: 84.08, valid_loss: nan, valid_acc: nan, valid_fscore: nan, test_loss: 1.1167, test_acc: 73.81, test_fscore: 74.16, time: 5.11 sec
epoch: 41, train_loss: 0.8177, train_acc: 84.97, train_fscore: 84.86, valid_loss: nan, valid_acc: nan, valid_fscore: nan, test_loss: 1.1082, test_acc: 72.7, test_fscore: 73.18, time: 1.8 sec
epoch: 42, train_loss: 0.8229, train_acc: 84.78, train_fscore: 84.65, valid_loss: nan, valid_acc: nan, valid_fscore: nan, test_loss: 1.142, test_acc: 72.77, test_fscore: 73.12, time: 1.78 sec
epoch: 43, train_loss: 0.8221, train_acc: 83.63, train_fscore: 83.53, valid_loss: nan, valid_acc: nan, valid_fscore: nan, test_loss: 1.105, test_acc: 74.37, test_fscore: 74.6, time: 5.37 sec
epoch: 44, train_loss: 0.817, train_acc: 84.25, train_fscore: 84.19, valid_loss: nan, valid_acc: nan, valid_fscore: nan, test_loss: 1.1361, test_acc: 73.38, test_fscore: 73.42, time: 1.78 sec
epoch: 45, train_loss: 0.8165, train_acc: 84.49, train_fscore: 84.41, valid_loss: nan, valid_acc: nan, valid_fscore: nan, test_loss: 1.1103, test_acc: 73.01, test_fscore: 73.35, time: 1.78 sec
epoch: 46, train_loss: 0.7904, train_acc: 85.44, train_fscore: 85.3, valid_loss: nan, valid_acc: nan, valid_fscore: nan, test_loss: 1.1373, test_acc: 71.41, test_fscore: 71.59, time: 1.78 sec
epoch: 47, train_loss: 0.781, train_acc: 85.73, train_fscore: 85.64, valid_loss: nan, valid_acc: nan, valid_fscore: nan, test_loss: 1.1664, test_acc: 68.76, test_fscore: 69.44, time: 1.76 sec
epoch: 48, train_loss: 0.7796, train_acc: 85.39, train_fscore: 85.27, valid_loss: nan, valid_acc: nan, valid_fscore: nan, test_loss: 1.1694, test_acc: 72.27, test_fscore: 72.76, time: 1.76 sec
epoch: 49, train_loss: 0.7667, train_acc: 85.78, train_fscore: 85.67, valid_loss: nan, valid_acc: nan, valid_fscore: nan, test_loss: 1.1814, test_acc: 70.86, test_fscore: 70.92, time: 1.74 sec
epoch: 50, train_loss: 0.7499, train_acc: 86.52, train_fscore: 86.4, valid_loss: nan, valid_acc: nan, valid_fscore: nan, test_loss: 1.1388, test_acc: 72.15, test_fscore: 72.69, time: 1.76 sec
epoch: 51, train_loss: 0.7538, train_acc: 86.73, train_fscore: 86.62, valid_loss: nan, valid_acc: nan, valid_fscore: nan, test_loss: 1.1726, test_acc: 72.7, test_fscore: 73.04, time: 1.78 sec
epoch: 52, train_loss: 0.7385, train_acc: 87.13, train_fscore: 87.03, valid_loss: nan, valid_acc: nan, valid_fscore: nan, test_loss: 1.1217, test_acc: 73.57, test_fscore: 73.72, time: 1.79 sec
epoch: 53, train_loss: 0.7306, train_acc: 87.45, train_fscore: 87.38, valid_loss: nan, valid_acc: nan, valid_fscore: nan, test_loss: 1.1527, test_acc: 71.9, test_fscore: 72.15, time: 1.8 sec
epoch: 54, train_loss: 0.72, train_acc: 87.16, train_fscore: 87.08, valid_loss: nan, valid_acc: nan, valid_fscore: nan, test_loss: 1.1672, test_acc: 72.03, test_fscore: 72.3, time: 1.77 sec
epoch: 55, train_loss: 0.717, train_acc: 87.52, train_fscore: 87.41, valid_loss: nan, valid_acc: nan, valid_fscore: nan, test_loss: 1.1488, test_acc: 72.52, test_fscore: 72.74, time: 1.77 sec
epoch: 56, train_loss: 0.7137, train_acc: 87.75, train_fscore: 87.67, valid_loss: nan, valid_acc: nan, valid_fscore: nan, test_loss: 1.1438, test_acc: 71.9, test_fscore: 72.39, time: 1.81 sec
epoch: 57, train_loss: 0.7041, train_acc: 87.8, train_fscore: 87.71, valid_loss: nan, valid_acc: nan, valid_fscore: nan, test_loss: 1.1819, test_acc: 71.23, test_fscore: 71.58, time: 1.81 sec
epoch: 58, train_loss: 0.7013, train_acc: 88.49, train_fscore: 88.41, valid_loss: nan, valid_acc: nan, valid_fscore: nan, test_loss: 1.2668, test_acc: 68.33, test_fscore: 68.43, time: 1.8 sec
epoch: 59, train_loss: 0.7093, train_acc: 87.18, train_fscore: 87.09, valid_loss: nan, valid_acc: nan, valid_fscore: nan, test_loss: 1.2034, test_acc: 71.84, test_fscore: 72.38, time: 1.8 sec
epoch: 60, train_loss: 0.7077, train_acc: 87.4, train_fscore: 87.34, valid_loss: nan, valid_acc: nan, valid_fscore: nan, test_loss: 1.1266, test_acc: 75.66, test_fscore: 75.62, time: 5.06 sec
epoch: 61, train_loss: 0.6961, train_acc: 87.45, train_fscore: 87.38, valid_loss: nan, valid_acc: nan, valid_fscore: nan, test_loss: 1.2725, test_acc: 72.15, test_fscore: 72.13, time: 1.79 sec
epoch: 62, train_loss: 0.6878, train_acc: 88.28, train_fscore: 88.22, valid_loss: nan, valid_acc: nan, valid_fscore: nan, test_loss: 1.1655, test_acc: 73.38, test_fscore: 73.64, time: 1.8 sec
epoch: 63, train_loss: 0.6841, train_acc: 88.36, train_fscore: 88.29, valid_loss: nan, valid_acc: nan, valid_fscore: nan, test_loss: 1.2199, test_acc: 69.13, test_fscore: 69.62, time: 1.79 sec
epoch: 64, train_loss: 0.6713, train_acc: 88.45, train_fscore: 88.36, valid_loss: nan, valid_acc: nan, valid_fscore: nan, test_loss: 1.1882, test_acc: 72.4, test_fscore: 72.53, time: 1.8 sec
epoch: 65, train_loss: 0.6639, train_acc: 88.49, train_fscore: 88.41, valid_loss: nan, valid_acc: nan, valid_fscore: nan, test_loss: 1.1744, test_acc: 73.32, test_fscore: 73.21, time: 1.84 sec
epoch: 66, train_loss: 0.6567, train_acc: 88.85, train_fscore: 88.8, valid_loss: nan, valid_acc: nan, valid_fscore: nan, test_loss: 1.166, test_acc: 72.21, test_fscore: 72.51, time: 1.84 sec
epoch: 67, train_loss: 0.6526, train_acc: 89.16, train_fscore: 89.1, valid_loss: nan, valid_acc: nan, valid_fscore: nan, test_loss: 1.2375, test_acc: 69.19, test_fscore: 69.24, time: 1.82 sec
epoch: 68, train_loss: 0.6485, train_acc: 89.26, train_fscore: 89.18, valid_loss: nan, valid_acc: nan, valid_fscore: nan, test_loss: 1.1827, test_acc: 72.46, test_fscore: 72.56, time: 1.85 sec
epoch: 69, train_loss: 0.6485, train_acc: 89.43, train_fscore: 89.35, valid_loss: nan, valid_acc: nan, valid_fscore: nan, test_loss: 1.1982, test_acc: 72.52, test_fscore: 72.6, time: 1.82 sec
epoch: 70, train_loss: 0.6378, train_acc: 89.78, train_fscore: 89.73, valid_loss: nan, valid_acc: nan, valid_fscore: nan, test_loss: 1.2078, test_acc: 70.73, test_fscore: 70.22, time: 1.8 sec
epoch: 71, train_loss: 0.6373, train_acc: 89.23, train_fscore: 89.12, valid_loss: nan, valid_acc: nan, valid_fscore: nan, test_loss: 1.199, test_acc: 71.41, test_fscore: 71.11, time: 1.84 sec
epoch: 72, train_loss: 0.627, train_acc: 89.5, train_fscore: 89.42, valid_loss: nan, valid_acc: nan, valid_fscore: nan, test_loss: 1.2569, test_acc: 71.23, test_fscore: 71.46, time: 1.81 sec
epoch: 73, train_loss: 0.6102, train_acc: 90.12, train_fscore: 90.05, valid_loss: nan, valid_acc: nan, valid_fscore: nan, test_loss: 1.1963, test_acc: 72.95, test_fscore: 73.24, time: 1.84 sec
epoch: 74, train_loss: 0.6062, train_acc: 90.93, train_fscore: 90.87, valid_loss: nan, valid_acc: nan, valid_fscore: nan, test_loss: 1.2465, test_acc: 71.1, test_fscore: 71.48, time: 1.85 sec
epoch: 75, train_loss: 0.6076, train_acc: 90.33, train_fscore: 90.27, valid_loss: nan, valid_acc: nan, valid_fscore: nan, test_loss: 1.2181, test_acc: 72.95, test_fscore: 73.0, time: 1.83 sec
epoch: 76, train_loss: 0.6023, train_acc: 90.86, train_fscore: 90.8, valid_loss: nan, valid_acc: nan, valid_fscore: nan, test_loss: 1.2226, test_acc: 72.46, test_fscore: 72.73, time: 1.78 sec
epoch: 77, train_loss: 0.5883, train_acc: 91.15, train_fscore: 91.09, valid_loss: nan, valid_acc: nan, valid_fscore: nan, test_loss: 1.2449, test_acc: 72.09, test_fscore: 72.08, time: 1.77 sec
epoch: 78, train_loss: 0.5881, train_acc: 91.65, train_fscore: 91.59, valid_loss: nan, valid_acc: nan, valid_fscore: nan, test_loss: 1.2295, test_acc: 73.38, test_fscore: 73.46, time: 1.79 sec
epoch: 79, train_loss: 0.5761, train_acc: 91.84, train_fscore: 91.8, valid_loss: nan, valid_acc: nan, valid_fscore: nan, test_loss: 1.2769, test_acc: 71.66, test_fscore: 71.63, time: 1.79 sec
epoch: 80, train_loss: 0.5755, train_acc: 91.51, train_fscore: 91.44, valid_loss: nan, valid_acc: nan, valid_fscore: nan, test_loss: 1.2556, test_acc: 72.89, test_fscore: 73.06, time: 1.78 sec
Test performance..
F-Score: 75.62
F-Score-index: 60
              precision    recall  f1-score   support

           0     0.6449    0.6181    0.6312     144.0
           1     0.8272    0.8204    0.8238     245.0
           2     0.7550    0.7865    0.7704     384.0
           3     0.6977    0.7059    0.7018     170.0
           4     0.8333    0.8361    0.8347     299.0
           5     0.7189    0.6982    0.7084     381.0

    accuracy                         0.7566    1623.0
   macro avg     0.7462    0.7442    0.7450    1623.0
weighted avg     0.7561    0.7566    0.7562    1623.0

[[ 89.   6.  13.   0.  35.   1.]
 [  2. 201.  17.   3.   0.  22.]
 [ 11.  22. 302.   7.   7.  35.]
 [  0.   1.   4. 120.   0.  45.]
 [ 34.   1.  13.   0. 250.   1.]
 [  2.  12.  51.  42.   8. 266.]]
